{
  "frames": 3768,
  "candidates": 43,
  "top": [
    {
      "plate": 57,
      "start": 112.583333333,
      "end": 115.375,
      "art": "assets/lynn/s070-112.800.png",
      "source_clusters": 7,
      "delivery_clusters": 1,
      "suppressed_events": [
        2704,
        2705,
        2708,
        2711,
        2714,
        2717,
        2718,
        2723,
        2724,
        2728,
        2729,
        2733,
        2736,
        2740,
        2741,
        2744,
        2747,
        2748,
        2752,
        2753,
        2756,
        2759,
        2762,
        2765,
        2766
      ],
      "score": 175.0,
      "representative_frames": [
        2702,
        2704,
        2708,
        2711,
        2714,
        2718,
        2723
      ],
      "candidate": true
    },
    {
      "plate": 61,
      "start": 128.458333333,
      "end": 134.958333333,
      "art": "assets/lynn/s076-129.000.png",
      "source_clusters": 7,
      "delivery_clusters": 2,
      "suppressed_events": [
        3087,
        3088,
        3093,
        3099,
        3104,
        3105,
        3111,
        3112,
        3117,
        3120,
        3123,
        3128,
        3129,
        3136,
        3141,
        3144,
        3147,
        3152,
        3153,
        3160,
        3165,
        3168,
        3171,
        3176,
        3177,
        3183,
        3189,
        3192,
        3200,
        3201,
        3213,
        3216,
        3219,
        3224,
        3225,
        3231,
        3232,
        3237
      ],
      "score": 133.0,
      "representative_frames": [
        3083,
        3085,
        3088,
        3093,
        3104,
        3120,
        3160
      ],
      "candidate": true
    },
    {
      "plate": 24,
      "start": 35.375,
      "end": 37.5416667,
      "art": "assets/lynn/s022-036.000.png",
      "source_clusters": 8,
      "delivery_clusters": 1,
      "suppressed_events": [
        852,
        854,
        857,
        860,
        862,
        868,
        874,
        880,
        886,
        892,
        898
      ],
      "score": 88.0,
      "representative_frames": [
        849,
        852,
        854,
        857,
        860,
        862,
        868,
        874
      ],
      "candidate": true
    },
    {
      "plate": 10,
      "start": 25.875,
      "end": 29.3333333,
      "art": "assets/lynn/s018-026.200.png",
      "source_clusters": 15,
      "delivery_clusters": 4,
      "suppressed_events": [
        631,
        632,
        635,
        639,
        640,
        645,
        647,
        651,
        654,
        657,
        663,
        669,
        675,
        677,
        681,
        686,
        687,
        693,
        699,
        701
      ],
      "score": 75.0,
      "representative_frames": [
        621,
        625,
        627,
        631,
        632,
        635,
        639,
        640,
        647,
        651,
        654,
        657,
        661,
        663,
        669
      ],
      "candidate": true
    },
    {
      "plate": 36,
      "start": 51.833333333,
      "end": 53.375,
      "art": "assets/lynn/s037-052.100.png",
      "source_clusters": 6,
      "delivery_clusters": 1,
      "suppressed_events": [
        1245,
        1247,
        1250,
        1255,
        1256,
        1261,
        1262,
        1267,
        1268,
        1274,
        1279,
        1280
      ],
      "score": 72.0,
      "representative_frames": [
        1244,
        1245,
        1250,
        1256,
        1261,
        1265
      ],
      "candidate": true
    },
    {
      "plate": 58,
      "start": 116.041666667,
      "end": 122.458333333,
      "art": "assets/lynn/s071-116.500.png",
      "source_clusters": 3,
      "delivery_clusters": 1,
      "suppressed_events": [
        2786,
        2792,
        2798,
        2804,
        2810,
        2816,
        2822,
        2828,
        2834,
        2840,
        2846,
        2852,
        2858,
        2870,
        2876,
        2882,
        2894,
        2900,
        2906,
        2918,
        2924
      ],
      "score": 63.0,
      "representative_frames": [
        2785,
        2810,
        2822
      ],
      "candidate": true
    },
    {
      "plate": 71,
      "start": 151.25,
      "end": 152.75,
      "art": "assets/lynn/s089-151.500.png",
      "source_clusters": 6,
      "delivery_clusters": 1,
      "suppressed_events": [
        3636,
        3638,
        3642,
        3654,
        3660,
        3662
      ],
      "score": 36.0,
      "representative_frames": [
        3630,
        3636,
        3638,
        3642,
        3646,
        3648
      ],
      "candidate": true
    },
    {
      "plate": 49,
      "start": 88.625,
      "end": 91.541666667,
      "art": "assets/lynn/s058-090.000.png",
      "source_clusters": 14,
      "delivery_clusters": 5,
      "suppressed_events": [
        2143,
        2147,
        2151,
        2155,
        2157,
        2159,
        2169,
        2170,
        2172,
        2180,
        2188,
        2196
      ],
      "score": 33.599999999999994,
      "representative_frames": [
        2127,
        2131,
        2135,
        2139,
        2143,
        2147,
        2151,
        2155,
        2157,
        2159,
        2164,
        2169,
        2170,
        2172
      ],
      "candidate": true
    },
    {
      "plate": 46,
      "start": 80.416666667,
      "end": 83.625,
      "art": "assets/lynn/s053-080.600.png",
      "source_clusters": 3,
      "delivery_clusters": 1,
      "suppressed_events": [
        1936,
        1942,
        1954,
        1960,
        1966,
        1972,
        1978,
        1990,
        1996,
        2002
      ],
      "score": 30.0,
      "representative_frames": [
        1930,
        1936,
        1948
      ],
      "candidate": true
    },
    {
      "plate": 43,
      "start": 67.958333333,
      "end": 71.166666667,
      "art": "assets/lynn/s046-068.300.png",
      "source_clusters": 3,
      "delivery_clusters": 1,
      "suppressed_events": [
        1637,
        1643,
        1649,
        1673,
        1679,
        1685,
        1691,
        1697,
        1703
      ],
      "score": 27.0,
      "representative_frames": [
        1631,
        1673,
        1691
      ],
      "candidate": true
    },
    {
      "plate": 30,
      "start": 45.916666667,
      "end": 46.583333333,
      "art": "assets/lynn/s031-046.300.png",
      "source_clusters": 5,
      "delivery_clusters": 1,
      "suppressed_events": [
        1103,
        1108,
        1111,
        1113,
        1117
      ],
      "score": 25.0,
      "representative_frames": [
        1102,
        1103,
        1108,
        1113,
        1117
      ],
      "candidate": true
    },
    {
      "plate": 34,
      "start": 50.333333333,
      "end": 51,
      "art": "assets/lynn/s035-050.500.png",
      "source_clusters": 5,
      "delivery_clusters": 1,
      "suppressed_events": [
        1209,
        1210,
        1211,
        1213,
        1219
      ],
      "score": 25.0,
      "representative_frames": [
        1208,
        1209,
        1210,
        1211,
        1213
      ],
      "candidate": true
    },
    {
      "plate": 31,
      "start": 46.583333333,
      "end": 48.083333333,
      "art": "assets/lynn/s032-047.300.png",
      "source_clusters": 4,
      "delivery_clusters": 1,
      "suppressed_events": [
        1123,
        1124,
        1129,
        1135,
        1141,
        1147
      ],
      "score": 24.0,
      "representative_frames": [
        1118,
        1124,
        1139,
        1141
      ],
      "candidate": true
    },
    {
      "plate": 40,
      "start": 61.125,
      "end": 64.291666667,
      "art": "assets/lynn/s043-061.400.png",
      "source_clusters": 2,
      "delivery_clusters": 1,
      "suppressed_events": [
        1472,
        1478,
        1484,
        1490,
        1496,
        1502,
        1508,
        1514,
        1520,
        1526,
        1532,
        1538
      ],
      "score": 24.0,
      "representative_frames": [
        1467,
        1472
      ],
      "candidate": true
    },
    {
      "plate": 54,
      "start": 100.041666667,
      "end": 101.541666667,
      "art": "assets/lynn/s064-100.200.png",
      "source_clusters": 8,
      "delivery_clusters": 2,
      "suppressed_events": [
        2410,
        2419,
        2427,
        2428,
        2430,
        2432
      ],
      "score": 24.0,
      "representative_frames": [
        2401,
        2410,
        2419,
        2427,
        2428,
        2430,
        2432,
        2434
      ],
      "candidate": true
    }
  ],
  "large_changes": [
    {
      "frame": 632,
      "time": 26.333333333333332,
      "source_change": 14.157754629629629,
      "delivery_change": 0.02863425925925926
    },
    {
      "frame": 852,
      "time": 35.5,
      "source_change": 21.004398148148148,
      "delivery_change": 0.005092592592592593
    },
    {
      "frame": 854,
      "time": 35.583333333333336,
      "source_change": 58.98115740740741,
      "delivery_change": 0.008611111111111111
    },
    {
      "frame": 857,
      "time": 35.708333333333336,
      "source_change": 31.533472222222223,
      "delivery_change": 0.011481481481481481
    },
    {
      "frame": 862,
      "time": 35.916666666666664,
      "source_change": 60.455,
      "delivery_change": 0.09449074074074074
    },
    {
      "frame": 868,
      "time": 36.166666666666664,
      "source_change": 19.99324074074074,
      "delivery_change": 0.607662037037037
    },
    {
      "frame": 874,
      "time": 36.416666666666664,
      "source_change": 19.20347222222222,
      "delivery_change": 0.4328240740740741
    },
    {
      "frame": 880,
      "time": 36.666666666666664,
      "source_change": 21.951527777777777,
      "delivery_change": 0.2884953703703704
    },
    {
      "frame": 886,
      "time": 36.916666666666664,
      "source_change": 21.077060185185186,
      "delivery_change": 0.7089814814814814
    },
    {
      "frame": 892,
      "time": 37.166666666666664,
      "source_change": 18.176365740740742,
      "delivery_change": 0.5375694444444444
    },
    {
      "frame": 898,
      "time": 37.416666666666664,
      "source_change": 23.039930555555557,
      "delivery_change": 0.8077546296296296
    },
    {
      "frame": 948,
      "time": 39.5,
      "source_change": 12.744907407407407,
      "delivery_change": 0.003263888888888889
    },
    {
      "frame": 1092,
      "time": 45.5,
      "source_change": 47.364074074074075,
      "delivery_change": 0.007245370370370371
    },
    {
      "frame": 1095,
      "time": 45.625,
      "source_change": 13.495555555555555,
      "delivery_change": 0.017222222222222222
    },
    {
      "frame": 1099,
      "time": 45.791666666666664,
      "source_change": 27.058842592592594,
      "delivery_change": 0.004652777777777777
    },
    {
      "frame": 1103,
      "time": 45.958333333333336,
      "source_change": 32.48513888888889,
      "delivery_change": 0.005717592592592593
    },
    {
      "frame": 1209,
      "time": 50.375,
      "source_change": 19.62738425925926,
      "delivery_change": 0.003564814814814815
    },
    {
      "frame": 1210,
      "time": 50.416666666666664,
      "source_change": 13.972986111111112,
      "delivery_change": 0.001736111111111111
    },
    {
      "frame": 1309,
      "time": 54.541666666666664,
      "source_change": 21.19851851851852,
      "delivery_change": 4.975393518518518
    },
    {
      "frame": 1318,
      "time": 54.916666666666664,
      "source_change": 12.270532407407407,
      "delivery_change": 0.01861111111111111
    },
    {
      "frame": 1319,
      "time": 54.958333333333336,
      "source_change": 16.393541666666668,
      "delivery_change": 0.023055555555555555
    },
    {
      "frame": 1321,
      "time": 55.041666666666664,
      "source_change": 14.522800925925926,
      "delivery_change": 1.8241435185185184
    },
    {
      "frame": 2169,
      "time": 90.375,
      "source_change": 13.535416666666666,
      "delivery_change": 0.039421296296296295
    },
    {
      "frame": 2410,
      "time": 100.41666666666667,
      "source_change": 15.32611111111111,
      "delivery_change": 0.018958333333333334
    },
    {
      "frame": 2419,
      "time": 100.79166666666667,
      "source_change": 16.49011574074074,
      "delivery_change": 0.002638888888888889
    },
    {
      "frame": 2427,
      "time": 101.125,
      "source_change": 14.345277777777778,
      "delivery_change": 0.002013888888888889
    },
    {
      "frame": 2428,
      "time": 101.16666666666667,
      "source_change": 20.42361111111111,
      "delivery_change": 0.1568287037037037
    },
    {
      "frame": 2430,
      "time": 101.25,
      "source_change": 33.03685185185185,
      "delivery_change": 4.6152546296296295
    },
    {
      "frame": 2432,
      "time": 101.33333333333333,
      "source_change": 64.98393518518519,
      "delivery_change": 14.35849537037037
    },
    {
      "frame": 2448,
      "time": 102.0,
      "source_change": 15.75875,
      "delivery_change": 0.014212962962962964
    },
    {
      "frame": 2704,
      "time": 112.66666666666667,
      "source_change": 12.868958333333333,
      "delivery_change": 0.0021759259259259258
    },
    {
      "frame": 2708,
      "time": 112.83333333333333,
      "source_change": 13.618912037037036,
      "delivery_change": 0.0016898148148148148
    },
    {
      "frame": 2711,
      "time": 112.95833333333333,
      "source_change": 13.440532407407407,
      "delivery_change": 0.0030555555555555557
    },
    {
      "frame": 2728,
      "time": 113.66666666666667,
      "source_change": 12.989814814814816,
      "delivery_change": 0.000925925925925926
    },
    {
      "frame": 2733,
      "time": 113.875,
      "source_change": 13.745925925925926,
      "delivery_change": 0.0007638888888888889
    },
    {
      "frame": 2752,
      "time": 114.66666666666667,
      "source_change": 12.858587962962963,
      "delivery_change": 0.0012962962962962963
    },
    {
      "frame": 2756,
      "time": 114.83333333333333,
      "source_change": 13.771226851851852,
      "delivery_change": 0.001712962962962963
    },
    {
      "frame": 2759,
      "time": 114.95833333333333,
      "source_change": 13.411574074074075,
      "delivery_change": 0.0014351851851851852
    },
    {
      "frame": 3305,
      "time": 137.70833333333334,
      "source_change": 15.654791666666666,
      "delivery_change": 1.0999537037037037
    },
    {
      "frame": 3328,
      "time": 138.66666666666666,
      "source_change": 16.297893518518517,
      "delivery_change": 4.55912037037037
    },
    {
      "frame": 3335,
      "time": 138.95833333333334,
      "source_change": 13.031620370370371,
      "delivery_change": 0.05168981481481481
    }
  ]
}
